// Jest Snapshot v1, https://goo.gl/fbAQLP

exports[`Board matches Board snapshot 1`] = `
<div>
  <div
    class="css-9y6172"
  >
    <div
      class="css-1ynanbq"
    >
      <div
        class="css-gg4vpm"
      >
        <div
          class="css-dvxtzn"
        >
          <p
            class="chakra-text css-y0zjdx"
          >
            Score
          </p>
          <p
            class="chakra-text css-mbmqby"
          >
            0
          </p>
        </div>
        <p
          class="chakra-text css-1ri06s6"
        >
          02
          :
          00
        </p>
        <button
          class="chakra-button css-s7apec"
          role="button"
          type="button"
        >
          <p
            class="chakra-text css-1hgmzub"
          >
            Start
          </p>
        </button>
      </div>
      <div
        class="css-1fltl10"
      >
        <div
          class="css-eecy6w"
          draggable="false"
        >
          <div
            class="css-1mm82d"
          >
            <img
              class="css-68z3eg"
              draggable="false"
              src="/WAM_Hole.png"
            />
          </div>
          <div
            class="css-1mm82d"
          >
            <img
              class="css-68z3eg"
              draggable="false"
              src="/WAM_Hole.png"
            />
          </div>
          <div
            class="css-1mm82d"
          >
            <img
              class="css-68z3eg"
              draggable="false"
              src="/WAM_Hole.png"
            />
          </div>
        </div>
        <div
          class="css-eecy6w"
          draggable="false"
        >
          <div
            class="css-1mm82d"
          >
            <img
              class="css-68z3eg"
              draggable="false"
              src="/WAM_Hole.png"
            />
          </div>
          <div
            class="css-1mm82d"
          >
            <img
              class="css-68z3eg"
              draggable="false"
              src="/WAM_Hole.png"
            />
          </div>
          <div
            class="css-1mm82d"
          >
            <img
              class="css-68z3eg"
              draggable="false"
              src="/WAM_Hole.png"
            />
          </div>
        </div>
        <div
          class="css-eecy6w"
          draggable="false"
        >
          <div
            class="css-1mm82d"
          >
            <img
              class="css-68z3eg"
              draggable="false"
              src="/WAM_Hole.png"
            />
          </div>
          <div
            class="css-1mm82d"
          >
            <img
              class="css-68z3eg"
              draggable="false"
              src="/WAM_Hole.png"
            />
          </div>
          <div
            class="css-1mm82d"
          >
            <img
              class="css-68z3eg"
              draggable="false"
              src="/WAM_Hole.png"
            />
          </div>
        </div>
        <div
          class="css-eecy6w"
          draggable="false"
        >
          <div
            class="css-1mm82d"
          >
            <img
              class="css-68z3eg"
              draggable="false"
              src="/WAM_Hole.png"
            />
          </div>
          <div
            class="css-1mm82d"
          >
            <img
              class="css-68z3eg"
              draggable="false"
              src="/WAM_Hole.png"
            />
          </div>
          <div
            class="css-1mm82d"
          >
            <img
              class="css-68z3eg"
              draggable="false"
              src="/WAM_Hole.png"
            />
          </div>
        </div>
      </div>
    </div>
  </div>
</div>
`;
